// Jest Snapshot v1, https://goo.gl/fbAQLP

exports[`renders App.js correctly 1`] = `
<div>
  <select
    className="type-filter"
    onChange={[Function]}
  >
    <option
      defaultValue={true}
      value=""
    >
      All Types
    </option>
    <option
      value="narwhal"
    >
      Narwhal
    </option>
    <option
      value="rhino"
    >
      Rhino
    </option>
    <option
      value="unicorn"
    >
      Unicorn
    </option>
    <option
      value="unilego"
    >
      Unilego
    </option>
    <option
      value="triceratops"
    >
      Triceratops
    </option>
    <option
      value="mouflon"
    >
      Mouflon
    </option>
    <option
      value="addax"
    >
      Addax
    </option>
    <option
      value="chameleon"
    >
      Chamelon
    </option>
    <option
      value="lizard"
    >
      Lizard
    </option>
    <option
      value="dragon"
    >
      Dragon
    </option>
  </select>
  <div />
  <div>
    <div>
      <img
        alt=""
        className="image"
        src="http://3.bp.blogspot.com/_DBYF1AdFaHw/TE-f0cDQ24I/AAAAAAAACZg/l-FdTZ6M7z8/s1600/Unicorn_and_Narwhal_by_dinglehopper.jpg"
      />
      <div>
        UniWhal
      </div>
    </div>
    <div>
      <img
        alt=""
        className="image"
        src="https://images.unsplash.com/photo-1512636618879-bbe79107e9e3?ixlib=rb-0.3.5&ixid=eyJhcHBfaWQiOjEyMDd9&s=bd9460ee6d1ddbb6b1ca7be86dfc4590&auto=format&fit=crop&w=1825&q=80"
      />
      <div>
        Rhino Family
      </div>
    </div>
    <div>
      <img
        alt=""
        className="image"
        src="https://www.dhresource.com/0x0s/f2-albu-g5-M00-1A-11-rBVaI1hsIIiALxKzAAIHjSU3VkE490.jpg/wholesale-halloween-costume-prop-unicorn.jpg"
      />
      <div>
        Unicorn Head
      </div>
    </div>
    <div>
      <img
        alt=""
        className="image"
        src="https://images.unsplash.com/photo-1518946222227-364f22132616?ixlib=rb-0.3.5&ixid=eyJhcHBfaWQiOjEyMDd9&s=4836a6fca62e7dce9324346bacfde085&auto=format&fit=crop&w=2534&q=80"
      />
      <div>
        UniLego
      </div>
    </div>
    <div>
      <img
        alt=""
        className="image"
        src="https://i.pinimg.com/736x/b4/61/06/b46106830b841017ea59870b27ec18dc--narwhals-a-unicorn.jpg"
      />
      <div>
        Basically a unicorn
      </div>
    </div>
    <div>
      <img
        alt=""
        className="image"
        src="https://i.pinimg.com/originals/16/cf/2a/16cf2a0b3fd51b9bee08bb6296193b75.jpg"
      />
      <div>
        #truth
      </div>
    </div>
    <div>
      <img
        alt=""
        className="image"
        src="https://secure.img1-ag.wfcdn.com/im/17007094/resize-h800%5Ecompr-r85/3589/35892451/Baby+Rhino+Figurine.jpg"
      />
      <div>
        Baby Rhino
      </div>
    </div>
    <div>
      <img
        alt=""
        className="image"
        src="https://vignette.wikia.nocookie.net/landbeforetime/images/c/c3/Cera_infobox.png/revision/latest?cb=20180422005003"
      />
      <div>
        Cera
      </div>
    </div>
    <div>
      <img
        alt=""
        className="image"
        src="https://ae01.alicdn.com/kf/HTB18GwSQVXXXXaZaXXXq6xXFXXXh/Animal-Cosplay-Costume-Narwhal-Onesie-Mens-Womens-Cartoon-Whale-Pajamas.jpg"
      />
      <div>
        Narwhal costume
      </div>
    </div>
    <div>
      <img
        alt=""
        className="image"
        src="https://www.shopmascot.com/image/cache/mascotnew/new196-800x800.jpg"
      />
      <div>
        Rhino costume
      </div>
    </div>
    <div>
      <img
        alt=""
        className="image"
        src="https://www.tinselbox.com/wp-content/uploads/2018/03/I-BELIEVE-IN-UNICORNS-FREE-PRINTABLE-WATERCOLOR-7-of-1.jpg"
      />
      <div>
        Believe
      </div>
    </div>
    <div>
      <img
        alt=""
        className="image"
        src="https://upload.wikimedia.org/wikipedia/commons/thumb/3/38/Markhor_Schraubenziege_Capra_falconeri_Zoo_Augsburg-02.jpg/220px-Markhor_Schraubenziege_Capra_falconeri_Zoo_Augsburg-02.jpg"
      />
      <div>
        Markhor
      </div>
    </div>
    <div>
      <img
        alt=""
        className="image"
        src="http://www.zooborns.com/.a/6a010535647bf3970b0223c84d5959200c-800wi"
      />
      <div>
        Baby markhor
      </div>
    </div>
    <div>
      <img
        alt=""
        className="image"
        src="https://cdn.modernfarmer.com/wp-content/uploads/2014/08/28476658_9c97f35096_o.jpg"
      />
      <div>
        Mouflon
      </div>
    </div>
    <div>
      <img
        alt=""
        className="image"
        src="https://cdn.modernfarmer.com/wp-content/uploads/2014/08/addax.jpg"
      />
      <div>
        Addax
      </div>
    </div>
    <div>
      <img
        alt=""
        className="image"
        src="https://cbsnews3.cbsistatic.com/hub/i/r/2013/03/05/5b414225-a645-11e2-a3f0-029118418759/thumbnail/620x350/2d4cf24685b45c22912e64d2004fec8d/Baby_Mouflon_Wild_Sheep.jpg"
      />
      <div>
        Baby mouflon
      </div>
    </div>
    <div>
      <img
        alt=""
        className="image"
        src="https://cdn.modernfarmer.com/wp-content/uploads/2014/08/chameleon.jpg"
      />
      <div>
        Happy Jackson's Chameleon
      </div>
    </div>
    <div>
      <img
        alt=""
        className="image"
        src="https://imgc.allpostersimages.com/img/print/posters/dlillc-jackson-s-chameleon_a-G-13448768-14258384.jpg"
      />
      <div>
        Serious Jackson's Chameleon
      </div>
    </div>
    <div>
      <img
        alt=""
        className="image"
        src="https://www.nps.gov/band/learn/nature/images/short-horned-lizard-open-mouth-18.jpg?maxwidth=650&autorotate=false"
      />
      <div>
        Horned Lizard
      </div>
    </div>
    <div>
      <img
        alt=""
        className="image"
        src="https://upload.wikimedia.org/wikipedia/commons/thumb/d/df/Smaug_par_David_Demaret.jpg/290px-Smaug_par_David_Demaret.jpg"
      />
      <div>
        Smaug
      </div>
    </div>
  </div>
</div>
`;
